// Jest Snapshot v1, https://goo.gl/fbAQLP

exports[`PhrasesContext tests should be created 1`] = `null`;
